[    2082ms] Error: Minified React error #418; visit https://react.dev/errors/418?args[]=HTML&args[]= for the full message or use the non-minified dev environment for full errors and additional helpful warnings.
    at Li (http://localhost:4173/assets/vendor-BkcTW0Pj.js:9:31164)
    at Nc (http://localhost:4173/assets/vendor-BkcTW0Pj.js:9:81738)
    at Mu (http://localhost:4173/assets/vendor-BkcTW0Pj.js:9:115596)
    at ju (http://localhost:4173/assets/vendor-BkcTW0Pj.js:9:115569)
    at Au (http://localhost:4173/assets/vendor-BkcTW0Pj.js:9:115431)
    at gu (http://localhost:4173/assets/vendor-BkcTW0Pj.js:9:111043)
    at cd (http://localhost:4173/assets/vendor-BkcTW0Pj.js:9:122882)
    at MessagePort.E (http://localhost:4173/assets/vendor-BkcTW0Pj.js:2:38899)
[    3355ms] Error: Minified React error #418; visit https://react.dev/errors/418?args[]=HTML&args[]= for the full message or use the non-minified dev environment for full errors and additional helpful warnings.
    at Li (http://localhost:4173/assets/vendor-BkcTW0Pj.js:9:31164)
    at Nc (http://localhost:4173/assets/vendor-BkcTW0Pj.js:9:81738)
    at Mu (http://localhost:4173/assets/vendor-BkcTW0Pj.js:9:115596)
    at ju (http://localhost:4173/assets/vendor-BkcTW0Pj.js:9:115569)
    at Au (http://localhost:4173/assets/vendor-BkcTW0Pj.js:9:115431)
    at gu (http://localhost:4173/assets/vendor-BkcTW0Pj.js:9:111043)
    at cd (http://localhost:4173/assets/vendor-BkcTW0Pj.js:9:122882)
    at MessagePort.E (http://localhost:4173/assets/vendor-BkcTW0Pj.js:2:38899)
[    3465ms] Error: Minified React error #418; visit https://react.dev/errors/418?args[]=HTML&args[]= for the full message or use the non-minified dev environment for full errors and additional helpful warnings.
    at Li (http://localhost:4173/assets/vendor-BkcTW0Pj.js:9:31164)
    at Nc (http://localhost:4173/assets/vendor-BkcTW0Pj.js:9:81738)
    at Mu (http://localhost:4173/assets/vendor-BkcTW0Pj.js:9:115596)
    at ju (http://localhost:4173/assets/vendor-BkcTW0Pj.js:9:115569)
    at Au (http://localhost:4173/assets/vendor-BkcTW0Pj.js:9:115431)
    at gu (http://localhost:4173/assets/vendor-BkcTW0Pj.js:9:111043)
    at cd (http://localhost:4173/assets/vendor-BkcTW0Pj.js:9:122882)
    at MessagePort.E (http://localhost:4173/assets/vendor-BkcTW0Pj.js:2:38899)
[    4327ms] Error: Minified React error #418; visit https://react.dev/errors/418?args[]=HTML&args[]= for the full message or use the non-minified dev environment for full errors and additional helpful warnings.
    at Li (http://localhost:4173/assets/vendor-BkcTW0Pj.js:9:31164)
    at Nc (http://localhost:4173/assets/vendor-BkcTW0Pj.js:9:81738)
    at Mu (http://localhost:4173/assets/vendor-BkcTW0Pj.js:9:115596)
    at ju (http://localhost:4173/assets/vendor-BkcTW0Pj.js:9:115569)
    at Au (http://localhost:4173/assets/vendor-BkcTW0Pj.js:9:115431)
    at gu (http://localhost:4173/assets/vendor-BkcTW0Pj.js:9:111043)
    at cd (http://localhost:4173/assets/vendor-BkcTW0Pj.js:9:122882)
    at MessagePort.E (http://localhost:4173/assets/vendor-BkcTW0Pj.js:2:38899)
[    4507ms] Error: Minified React error #418; visit https://react.dev/errors/418?args[]=HTML&args[]= for the full message or use the non-minified dev environment for full errors and additional helpful warnings.
    at Li (http://localhost:4173/assets/vendor-BkcTW0Pj.js:9:31164)
    at Nc (http://localhost:4173/assets/vendor-BkcTW0Pj.js:9:81738)
    at Mu (http://localhost:4173/assets/vendor-BkcTW0Pj.js:9:115596)
    at ju (http://localhost:4173/assets/vendor-BkcTW0Pj.js:9:115569)
    at Au (http://localhost:4173/assets/vendor-BkcTW0Pj.js:9:115431)
    at gu (http://localhost:4173/assets/vendor-BkcTW0Pj.js:9:111043)
    at cd (http://localhost:4173/assets/vendor-BkcTW0Pj.js:9:122882)
    at MessagePort.E (http://localhost:4173/assets/vendor-BkcTW0Pj.js:2:38899)
[    4638ms] Error: Minified React error #418; visit https://react.dev/errors/418?args[]=HTML&args[]= for the full message or use the non-minified dev environment for full errors and additional helpful warnings.
    at Li (http://localhost:4173/assets/vendor-BkcTW0Pj.js:9:31164)
    at Nc (http://localhost:4173/assets/vendor-BkcTW0Pj.js:9:81738)
    at Mu (http://localhost:4173/assets/vendor-BkcTW0Pj.js:9:115596)
    at ju (http://localhost:4173/assets/vendor-BkcTW0Pj.js:9:115569)
    at Au (http://localhost:4173/assets/vendor-BkcTW0Pj.js:9:115431)
    at gu (http://localhost:4173/assets/vendor-BkcTW0Pj.js:9:111043)
    at cd (http://localhost:4173/assets/vendor-BkcTW0Pj.js:9:122882)
    at MessagePort.E (http://localhost:4173/assets/vendor-BkcTW0Pj.js:2:38899)
[    5081ms] Error: Minified React error #418; visit https://react.dev/errors/418?args[]=HTML&args[]= for the full message or use the non-minified dev environment for full errors and additional helpful warnings.
    at Li (http://localhost:4173/assets/vendor-BkcTW0Pj.js:9:31164)
    at Nc (http://localhost:4173/assets/vendor-BkcTW0Pj.js:9:81738)
    at Mu (http://localhost:4173/assets/vendor-BkcTW0Pj.js:9:115596)
    at ju (http://localhost:4173/assets/vendor-BkcTW0Pj.js:9:115569)
    at Au (http://localhost:4173/assets/vendor-BkcTW0Pj.js:9:115431)
    at gu (http://localhost:4173/assets/vendor-BkcTW0Pj.js:9:111043)
    at cd (http://localhost:4173/assets/vendor-BkcTW0Pj.js:9:122882)
    at MessagePort.E (http://localhost:4173/assets/vendor-BkcTW0Pj.js:2:38899)
[    5432ms] Error: Minified React error #418; visit https://react.dev/errors/418?args[]=HTML&args[]= for the full message or use the non-minified dev environment for full errors and additional helpful warnings.
    at Li (http://localhost:4173/assets/vendor-BkcTW0Pj.js:9:31164)
    at Nc (http://localhost:4173/assets/vendor-BkcTW0Pj.js:9:81738)
    at Mu (http://localhost:4173/assets/vendor-BkcTW0Pj.js:9:115596)
    at ju (http://localhost:4173/assets/vendor-BkcTW0Pj.js:9:115569)
    at Au (http://localhost:4173/assets/vendor-BkcTW0Pj.js:9:115431)
    at gu (http://localhost:4173/assets/vendor-BkcTW0Pj.js:9:111043)
    at cd (http://localhost:4173/assets/vendor-BkcTW0Pj.js:9:122882)
    at MessagePort.E (http://localhost:4173/assets/vendor-BkcTW0Pj.js:2:38899)
[    6209ms] Error: Minified React error #418; visit https://react.dev/errors/418?args[]=HTML&args[]= for the full message or use the non-minified dev environment for full errors and additional helpful warnings.
    at Li (http://localhost:4173/assets/vendor-BkcTW0Pj.js:9:31164)
    at Nc (http://localhost:4173/assets/vendor-BkcTW0Pj.js:9:81738)
    at Mu (http://localhost:4173/assets/vendor-BkcTW0Pj.js:9:115596)
    at ju (http://localhost:4173/assets/vendor-BkcTW0Pj.js:9:115569)
    at Au (http://localhost:4173/assets/vendor-BkcTW0Pj.js:9:115431)
    at gu (http://localhost:4173/assets/vendor-BkcTW0Pj.js:9:111043)
    at cd (http://localhost:4173/assets/vendor-BkcTW0Pj.js:9:122882)
    at MessagePort.E (http://localhost:4173/assets/vendor-BkcTW0Pj.js:2:38899)
[    6563ms] Error: Minified React error #418; visit https://react.dev/errors/418?args[]=HTML&args[]= for the full message or use the non-minified dev environment for full errors and additional helpful warnings.
    at Li (http://localhost:4173/assets/vendor-BkcTW0Pj.js:9:31164)
    at Nc (http://localhost:4173/assets/vendor-BkcTW0Pj.js:9:81738)
    at Mu (http://localhost:4173/assets/vendor-BkcTW0Pj.js:9:115596)
    at ju (http://localhost:4173/assets/vendor-BkcTW0Pj.js:9:115569)
    at Au (http://localhost:4173/assets/vendor-BkcTW0Pj.js:9:115431)
    at gu (http://localhost:4173/assets/vendor-BkcTW0Pj.js:9:111043)
    at cd (http://localhost:4173/assets/vendor-BkcTW0Pj.js:9:122882)
    at MessagePort.E (http://localhost:4173/assets/vendor-BkcTW0Pj.js:2:38899)
[    9230ms] Error: Minified React error #418; visit https://react.dev/errors/418?args[]=HTML&args[]= for the full message or use the non-minified dev environment for full errors and additional helpful warnings.
    at Li (http://localhost:4173/assets/vendor-BkcTW0Pj.js:9:31164)
    at Nc (http://localhost:4173/assets/vendor-BkcTW0Pj.js:9:81738)
    at Mu (http://localhost:4173/assets/vendor-BkcTW0Pj.js:9:115596)
    at ju (http://localhost:4173/assets/vendor-BkcTW0Pj.js:9:115569)
    at Au (http://localhost:4173/assets/vendor-BkcTW0Pj.js:9:115431)
    at gu (http://localhost:4173/assets/vendor-BkcTW0Pj.js:9:111043)
    at cd (http://localhost:4173/assets/vendor-BkcTW0Pj.js:9:122882)
    at MessagePort.E (http://localhost:4173/assets/vendor-BkcTW0Pj.js:2:38899)
[    9501ms] Error: Minified React error #418; visit https://react.dev/errors/418?args[]=HTML&args[]= for the full message or use the non-minified dev environment for full errors and additional helpful warnings.
    at Li (http://localhost:4173/assets/vendor-BkcTW0Pj.js:9:31164)
    at Nc (http://localhost:4173/assets/vendor-BkcTW0Pj.js:9:81738)
    at Mu (http://localhost:4173/assets/vendor-BkcTW0Pj.js:9:115596)
    at ju (http://localhost:4173/assets/vendor-BkcTW0Pj.js:9:115569)
    at Au (http://localhost:4173/assets/vendor-BkcTW0Pj.js:9:115431)
    at gu (http://localhost:4173/assets/vendor-BkcTW0Pj.js:9:111043)
    at cd (http://localhost:4173/assets/vendor-BkcTW0Pj.js:9:122882)
    at MessagePort.E (http://localhost:4173/assets/vendor-BkcTW0Pj.js:2:38899)
[   10431ms] Error: Minified React error #418; visit https://react.dev/errors/418?args[]=HTML&args[]= for the full message or use the non-minified dev environment for full errors and additional helpful warnings.
    at Li (http://localhost:4173/assets/vendor-BkcTW0Pj.js:9:31164)
    at Nc (http://localhost:4173/assets/vendor-BkcTW0Pj.js:9:81738)
    at Mu (http://localhost:4173/assets/vendor-BkcTW0Pj.js:9:115596)
    at ju (http://localhost:4173/assets/vendor-BkcTW0Pj.js:9:115569)
    at Au (http://localhost:4173/assets/vendor-BkcTW0Pj.js:9:115431)
    at gu (http://localhost:4173/assets/vendor-BkcTW0Pj.js:9:111043)
    at cd (http://localhost:4173/assets/vendor-BkcTW0Pj.js:9:122882)
    at MessagePort.E (http://localhost:4173/assets/vendor-BkcTW0Pj.js:2:38899)
[   10692ms] Error: Minified React error #418; visit https://react.dev/errors/418?args[]=HTML&args[]= for the full message or use the non-minified dev environment for full errors and additional helpful warnings.
    at Li (http://localhost:4173/assets/vendor-BkcTW0Pj.js:9:31164)
    at Nc (http://localhost:4173/assets/vendor-BkcTW0Pj.js:9:81738)
    at Mu (http://localhost:4173/assets/vendor-BkcTW0Pj.js:9:115596)
    at ju (http://localhost:4173/assets/vendor-BkcTW0Pj.js:9:115569)
    at Au (http://localhost:4173/assets/vendor-BkcTW0Pj.js:9:115431)
    at gu (http://localhost:4173/assets/vendor-BkcTW0Pj.js:9:111043)
    at cd (http://localhost:4173/assets/vendor-BkcTW0Pj.js:9:122882)
    at MessagePort.E (http://localhost:4173/assets/vendor-BkcTW0Pj.js:2:38899)
[   11653ms] Error: Minified React error #418; visit https://react.dev/errors/418?args[]=HTML&args[]= for the full message or use the non-minified dev environment for full errors and additional helpful warnings.
    at Li (http://localhost:4173/assets/vendor-BkcTW0Pj.js:9:31164)
    at Nc (http://localhost:4173/assets/vendor-BkcTW0Pj.js:9:81738)
    at Mu (http://localhost:4173/assets/vendor-BkcTW0Pj.js:9:115596)
    at ju (http://localhost:4173/assets/vendor-BkcTW0Pj.js:9:115569)
    at Au (http://localhost:4173/assets/vendor-BkcTW0Pj.js:9:115431)
    at gu (http://localhost:4173/assets/vendor-BkcTW0Pj.js:9:111043)
    at cd (http://localhost:4173/assets/vendor-BkcTW0Pj.js:9:122882)
    at MessagePort.E (http://localhost:4173/assets/vendor-BkcTW0Pj.js:2:38899)
[   11927ms] Error: Minified React error #418; visit https://react.dev/errors/418?args[]=HTML&args[]= for the full message or use the non-minified dev environment for full errors and additional helpful warnings.
    at Li (http://localhost:4173/assets/vendor-BkcTW0Pj.js:9:31164)
    at Nc (http://localhost:4173/assets/vendor-BkcTW0Pj.js:9:81738)
    at Mu (http://localhost:4173/assets/vendor-BkcTW0Pj.js:9:115596)
    at ju (http://localhost:4173/assets/vendor-BkcTW0Pj.js:9:115569)
    at Au (http://localhost:4173/assets/vendor-BkcTW0Pj.js:9:115431)
    at gu (http://localhost:4173/assets/vendor-BkcTW0Pj.js:9:111043)
    at cd (http://localhost:4173/assets/vendor-BkcTW0Pj.js:9:122882)
    at MessagePort.E (http://localhost:4173/assets/vendor-BkcTW0Pj.js:2:38899)
[   12111ms] Error: Minified React error #418; visit https://react.dev/errors/418?args[]=HTML&args[]= for the full message or use the non-minified dev environment for full errors and additional helpful warnings.
    at Li (http://localhost:4173/assets/vendor-BkcTW0Pj.js:9:31164)
    at Nc (http://localhost:4173/assets/vendor-BkcTW0Pj.js:9:81738)
    at Mu (http://localhost:4173/assets/vendor-BkcTW0Pj.js:9:115596)
    at ju (http://localhost:4173/assets/vendor-BkcTW0Pj.js:9:115569)
    at Au (http://localhost:4173/assets/vendor-BkcTW0Pj.js:9:115431)
    at gu (http://localhost:4173/assets/vendor-BkcTW0Pj.js:9:111043)
    at cd (http://localhost:4173/assets/vendor-BkcTW0Pj.js:9:122882)
    at MessagePort.E (http://localhost:4173/assets/vendor-BkcTW0Pj.js:2:38899)
[   15991ms] [WARNING] The resource http://localhost:4173/fonts/ibm-plex-sans-arabic-arabic-600-normal.woff2 was preloaded using link preload but not used within a few seconds from the window's load event. Please make sure it has an appropriate `as` value and it is preloaded intentionally. @ http://localhost:4173/ar:0
[   15992ms] [WARNING] The resource http://localhost:4173/fonts/ibm-plex-sans-arabic-arabic-400-normal.woff2 was preloaded using link preload but not used within a few seconds from the window's load event. Please make sure it has an appropriate `as` value and it is preloaded intentionally. @ http://localhost:4173/ar:0
[   21512ms] Error: Minified React error #418; visit https://react.dev/errors/418?args[]=HTML&args[]= for the full message or use the non-minified dev environment for full errors and additional helpful warnings.
    at Li (http://localhost:4173/assets/vendor-BkcTW0Pj.js:9:31164)
    at Nc (http://localhost:4173/assets/vendor-BkcTW0Pj.js:9:81738)
    at Mu (http://localhost:4173/assets/vendor-BkcTW0Pj.js:9:115596)
    at ju (http://localhost:4173/assets/vendor-BkcTW0Pj.js:9:115569)
    at Au (http://localhost:4173/assets/vendor-BkcTW0Pj.js:9:115431)
    at gu (http://localhost:4173/assets/vendor-BkcTW0Pj.js:9:111043)
    at cd (http://localhost:4173/assets/vendor-BkcTW0Pj.js:9:122882)
    at MessagePort.E (http://localhost:4173/assets/vendor-BkcTW0Pj.js:2:38899)
[   22246ms] Error: Minified React error #418; visit https://react.dev/errors/418?args[]=HTML&args[]= for the full message or use the non-minified dev environment for full errors and additional helpful warnings.
    at Li (http://localhost:4173/assets/vendor-BkcTW0Pj.js:9:31164)
    at Nc (http://localhost:4173/assets/vendor-BkcTW0Pj.js:9:81738)
    at Mu (http://localhost:4173/assets/vendor-BkcTW0Pj.js:9:115596)
    at ju (http://localhost:4173/assets/vendor-BkcTW0Pj.js:9:115569)
    at Au (http://localhost:4173/assets/vendor-BkcTW0Pj.js:9:115431)
    at gu (http://localhost:4173/assets/vendor-BkcTW0Pj.js:9:111043)
    at cd (http://localhost:4173/assets/vendor-BkcTW0Pj.js:9:122882)
    at MessagePort.E (http://localhost:4173/assets/vendor-BkcTW0Pj.js:2:38899)
[   22384ms] Error: Minified React error #418; visit https://react.dev/errors/418?args[]=HTML&args[]= for the full message or use the non-minified dev environment for full errors and additional helpful warnings.
    at Li (http://localhost:4173/assets/vendor-BkcTW0Pj.js:9:31164)
    at Nc (http://localhost:4173/assets/vendor-BkcTW0Pj.js:9:81738)
    at Mu (http://localhost:4173/assets/vendor-BkcTW0Pj.js:9:115596)
    at ju (http://localhost:4173/assets/vendor-BkcTW0Pj.js:9:115569)
    at Au (http://localhost:4173/assets/vendor-BkcTW0Pj.js:9:115431)
    at gu (http://localhost:4173/assets/vendor-BkcTW0Pj.js:9:111043)
    at cd (http://localhost:4173/assets/vendor-BkcTW0Pj.js:9:122882)
    at MessagePort.E (http://localhost:4173/assets/vendor-BkcTW0Pj.js:2:38899)
[   23597ms] Error: Minified React error #418; visit https://react.dev/errors/418?args[]=HTML&args[]= for the full message or use the non-minified dev environment for full errors and additional helpful warnings.
    at Li (http://localhost:4173/assets/vendor-BkcTW0Pj.js:9:31164)
    at Nc (http://localhost:4173/assets/vendor-BkcTW0Pj.js:9:81738)
    at Mu (http://localhost:4173/assets/vendor-BkcTW0Pj.js:9:115596)
    at ju (http://localhost:4173/assets/vendor-BkcTW0Pj.js:9:115569)
    at Au (http://localhost:4173/assets/vendor-BkcTW0Pj.js:9:115431)
    at gu (http://localhost:4173/assets/vendor-BkcTW0Pj.js:9:111043)
    at cd (http://localhost:4173/assets/vendor-BkcTW0Pj.js:9:122882)
    at MessagePort.E (http://localhost:4173/assets/vendor-BkcTW0Pj.js:2:38899)
[   25319ms] Error: Minified React error #418; visit https://react.dev/errors/418?args[]=HTML&args[]= for the full message or use the non-minified dev environment for full errors and additional helpful warnings.
    at Li (http://localhost:4173/assets/vendor-BkcTW0Pj.js:9:31164)
    at Nc (http://localhost:4173/assets/vendor-BkcTW0Pj.js:9:81738)
    at Mu (http://localhost:4173/assets/vendor-BkcTW0Pj.js:9:115596)
    at ju (http://localhost:4173/assets/vendor-BkcTW0Pj.js:9:115569)
    at Au (http://localhost:4173/assets/vendor-BkcTW0Pj.js:9:115431)
    at gu (http://localhost:4173/assets/vendor-BkcTW0Pj.js:9:111043)
    at cd (http://localhost:4173/assets/vendor-BkcTW0Pj.js:9:122882)
    at MessagePort.E (http://localhost:4173/assets/vendor-BkcTW0Pj.js:2:38899)
[   26904ms] Error: Minified React error #418; visit https://react.dev/errors/418?args[]=HTML&args[]= for the full message or use the non-minified dev environment for full errors and additional helpful warnings.
    at Li (http://localhost:4173/assets/vendor-BkcTW0Pj.js:9:31164)
    at Nc (http://localhost:4173/assets/vendor-BkcTW0Pj.js:9:81738)
    at Mu (http://localhost:4173/assets/vendor-BkcTW0Pj.js:9:115596)
    at ju (http://localhost:4173/assets/vendor-BkcTW0Pj.js:9:115569)
    at Au (http://localhost:4173/assets/vendor-BkcTW0Pj.js:9:115431)
    at gu (http://localhost:4173/assets/vendor-BkcTW0Pj.js:9:111043)
    at cd (http://localhost:4173/assets/vendor-BkcTW0Pj.js:9:122882)
    at MessagePort.E (http://localhost:4173/assets/vendor-BkcTW0Pj.js:2:38899)
[   31386ms] [WARNING] The resource http://localhost:4173/fonts/ibm-plex-sans-arabic-arabic-600-normal.woff2 was preloaded using link preload but not used within a few seconds from the window's load event. Please make sure it has an appropriate `as` value and it is preloaded intentionally. @ http://localhost:4173/ar:0
[   31387ms] [WARNING] The resource http://localhost:4173/fonts/ibm-plex-sans-arabic-arabic-400-normal.woff2 was preloaded using link preload but not used within a few seconds from the window's load event. Please make sure it has an appropriate `as` value and it is preloaded intentionally. @ http://localhost:4173/ar:0
