[16/Aug/2026 16:27:49] "GET / HTTP/1.1" 200 1211
[16/Aug/2026 16:27:49] "GET / HTTP/1.1" 200 1211
Unauthorized: /api/
[16/Aug/2026 16:27:49] "GET /api/ HTTP/1.1" 401 58
Not Found: /api/organization/factions/
[16/Aug/2026 16:27:49] "GET /api/organization/factions/ HTTP/1.1" 404 40222
Not Found: /api/auth/token/
[16/Aug/2026 16:27:53] "POST /api/auth/token/ HTTP/1.1" 404 40190
[16/Aug/2026 16:27:53] "GET /members HTTP/1.1" 200 1211
[16/Aug/2026 16:27:53] "GET /assets/index-BoGltQ1a.js HTTP/1.1" 200 466071
[16/Aug/2026 16:27:59] "POST /api/auth/login/ HTTP/1.1" 200 489
[16/Aug/2026 16:28:46] "GET / HTTP/1.1" 200 1211
[16/Aug/2026 16:28:46] "GET /assets/dist-CUT1LI7e.js HTTP/1.1" 200 8557
[16/Aug/2026 16:28:46] "GET /assets/dist-CsX87S8f.js HTTP/1.1" 200 26650
[16/Aug/2026 16:28:46] "GET /assets/Dialog-C2NiDZDk.js HTTP/1.1" 200 31500
[16/Aug/2026 16:28:46] "GET /assets/dist-Dx1rBkPc.js HTTP/1.1" 200 631
[16/Aug/2026 16:28:46] "GET /assets/index-CZK6DbUd.css HTTP/1.1" 200 80897
[16/Aug/2026 16:28:46] "GET /assets/useMutation-sxD2aay7.js HTTP/1.1" 200 5554
[16/Aug/2026 16:28:46] "GET /assets/api-Dbu530Wi.js HTTP/1.1" 200 85506
[16/Aug/2026 16:28:46] "GET /assets/dist-XUy3BXjO.js HTTP/1.1" 200 32994
[16/Aug/2026 16:28:46] "GET /assets/index-BoGltQ1a.js HTTP/1.1" 200 466071
[16/Aug/2026 16:28:46] "GET /assets/Cairo-arabic-variable-CJWMIGCx.woff2 HTTP/1.1" 200 30896
[16/Aug/2026 16:28:46] "GET /favicon-32.png HTTP/1.1" 200 1576
[16/Aug/2026 16:28:46] "GET /assets/Cairo-latin-variable-PfPtmrPZ.woff2 HTTP/1.1" 200 33820
[16/Aug/2026 16:28:46] "GET /favicon-32.png HTTP/1.1" 304 0
[16/Aug/2026 16:28:46] "GET /assets/nasf-seal-CPqWiVR7.jpg HTTP/1.1" 200 33517
[16/Aug/2026 16:28:54] "POST /api/auth/login/ HTTP/1.1" 200 489
[16/Aug/2026 16:28:54] "GET /api/auth/me/ HTTP/1.1" 200 530
[16/Aug/2026 16:28:54] "GET /assets/DashboardPage-rgw9cdMk.js HTTP/1.1" 200 9987
[16/Aug/2026 16:28:54] "GET /assets/Skeleton-DD0wEkbq.js HTTP/1.1" 200 345
[16/Aug/2026 16:28:54] "GET /assets/api-B_axCCVg.js HTTP/1.1" 200 222
[16/Aug/2026 16:28:54] "GET /assets/arrow-up-right-DlbshEEz.js HTTP/1.1" 200 154
[16/Aug/2026 16:28:54] "GET /favicon-32.png HTTP/1.1" 304 0
[16/Aug/2026 16:28:54] "GET /assets/Card-D48BNEMR.js HTTP/1.1" 200 627
[16/Aug/2026 16:28:54] "GET /assets/createResourceHooks-CJWFQg58.js HTTP/1.1" 200 743
[16/Aug/2026 16:28:54] "GET /assets/motion-CED9-emm.js HTTP/1.1" 200 70321
[16/Aug/2026 16:28:54] "GET /api/notifications/?ordering=-created_at HTTP/1.1" 200 52
[16/Aug/2026 16:28:54] "GET /api/notifications/unread_count/ HTTP/1.1" 200 11
[16/Aug/2026 16:28:54] "GET /api/members/?page_size=1 HTTP/1.1" 200 438
[16/Aug/2026 16:28:54] "GET /api/members/?page_size=1&service_status=active HTTP/1.1" 200 459
[16/Aug/2026 16:28:54] "GET /api/members/?page_size=1&approval_status=pending HTTP/1.1" 200 382
[16/Aug/2026 16:28:54] "GET /api/members/?page_size=1&service_status=on_leave HTTP/1.1" 200 392
[16/Aug/2026 16:28:54] "GET /api/members/?page_size=5&ordering=-created_at HTTP/1.1" 200 1790
[16/Aug/2026 16:28:54] "GET /api/factions/?page_size=200 HTTP/1.1" 200 1564
[16/Aug/2026 16:28:56] "GET /assets/Badge-CgQoOJ3v.js HTTP/1.1" 200 1188
[16/Aug/2026 16:28:56] "GET /assets/layers-ylzfFinu.js HTTP/1.1" 200 408
[16/Aug/2026 16:28:56] "GET /assets/plus-HvBPvlX1.js HTTP/1.1" 200 140
[16/Aug/2026 16:28:56] "GET /assets/InventoryPage-Bgg-Lw-O.js HTTP/1.1" 200 14953
[16/Aug/2026 16:28:56] "GET /favicon-32.png HTTP/1.1" 304 0
[16/Aug/2026 16:28:56] "GET /assets/Select-D6A7YMDn.js HTTP/1.1" 200 23126
[16/Aug/2026 16:28:56] "GET /assets/PageHeader-DlJUgknn.js HTTP/1.1" 200 578
[16/Aug/2026 16:28:56] "GET /assets/Textarea-ky_3vE7X.js HTTP/1.1" 200 738
[16/Aug/2026 16:28:56] "GET /api/equipment/categories/ HTTP/1.1" 200 607
[16/Aug/2026 16:28:56] "GET /api/members/?page_size=200 HTTP/1.1" 200 4017
[16/Aug/2026 16:28:56] "GET /api/equipment/items/? HTTP/1.1" 200 411
[16/Aug/2026 16:28:57] "GET /assets/chevrons-up-down-VSzVvzy4.js HTTP/1.1" 200 161
[16/Aug/2026 16:28:57] "GET /assets/pencil-CZwDZZZO.js HTTP/1.1" 200 263
[16/Aug/2026 16:28:57] "GET /assets/FactionsPage-BKQRiDYX.js HTTP/1.1" 200 4581
[16/Aug/2026 16:28:57] "GET /assets/DataTable-Co_ZA1-K.js HTTP/1.1" 200 3606
[16/Aug/2026 16:28:57] "GET /assets/trash-2-z_Xhvyza.js HTTP/1.1" 200 315
[16/Aug/2026 16:28:57] "GET /assets/Switch-B15mdd-o.js HTTP/1.1" 200 4420
[16/Aug/2026 16:28:57] "GET /favicon-32.png HTTP/1.1" 304 0
[16/Aug/2026 16:28:57] "GET /favicon-32.png HTTP/1.1" 304 0
[16/Aug/2026 16:28:57] "GET /assets/RanksPage-CnmLwU63.js HTTP/1.1" 200 4169
[16/Aug/2026 16:28:57] "GET /api/ranks/?page_size=200&ordering=order HTTP/1.1" 200 2094
[16/Aug/2026 16:28:58] "GET /favicon-32.png HTTP/1.1" 304 0
[16/Aug/2026 16:28:58] "GET /assets/Pagination-Cb16WOMJ.js HTTP/1.1" 200 2946
[16/Aug/2026 16:28:58] "GET /assets/api-BSdAflOL.js HTTP/1.1" 200 373
[16/Aug/2026 16:28:58] "GET /assets/FilterBar-BgFa6nGX.js HTTP/1.1" 200 1598
[16/Aug/2026 16:28:58] "GET /assets/globe-0fEk_Zuj.js HTTP/1.1" 200 229
[16/Aug/2026 16:28:58] "GET /assets/AuditPage-6jGkt8wL.js HTTP/1.1" 200 9873
[16/Aug/2026 16:28:58] "GET /api/audit/activity/?page=1&page_size=10 HTTP/1.1" 200 3661
[16/Aug/2026 16:28:59] "GET /favicon-32.png HTTP/1.1" 304 0
[16/Aug/2026 16:28:59] "GET /assets/upload-BKoTBvzs.js HTTP/1.1" 200 217
[16/Aug/2026 16:28:59] "GET /assets/api-C-BYEBVb.js HTTP/1.1" 200 821
[16/Aug/2026 16:28:59] "GET /assets/AlertDialog-Vz0471_j.js HTTP/1.1" 200 2798
[16/Aug/2026 16:28:59] "GET /assets/BackupsPage-D4OfnS10.js HTTP/1.1" 200 10975
[16/Aug/2026 16:28:59] "GET /api/backups/ HTTP/1.1" 200 185
[16/Aug/2026 16:28:59] "GET /favicon-32.png HTTP/1.1" 304 0
[16/Aug/2026 16:28:59] "GET /assets/SettingsHubPage-B9raNRFD.js HTTP/1.1" 200 5283
[16/Aug/2026 16:29:00] "GET /favicon-32.png HTTP/1.1" 304 0
[16/Aug/2026 16:29:03] "GET /favicon-32.png HTTP/1.1" 304 0
[16/Aug/2026 16:29:10] "GET /favicon-32.png HTTP/1.1" 304 0
[16/Aug/2026 16:50:41] "GET /favicon-32.png HTTP/1.1" 304 0
[16/Aug/2026 16:50:41] "GET /api/equipment/categories/ HTTP/1.1" 200 607
[16/Aug/2026 16:50:41] "GET /api/equipment/items/? HTTP/1.1" 200 411
[16/Aug/2026 16:50:41] "GET /api/members/?page_size=200 HTTP/1.1" 200 4017
[16/Aug/2026 16:50:45] "GET /api/notifications/unread_count/ HTTP/1.1" 200 11
[16/Aug/2026 16:50:45] "GET /api/notifications/?ordering=-created_at HTTP/1.1" 200 52
[16/Aug/2026 16:50:52] "GET /favicon-32.png HTTP/1.1" 304 0
[16/Aug/2026 16:50:54] "GET /favicon-32.png HTTP/1.1" 304 0
[16/Aug/2026 16:50:54] "GET /assets/EquipmentCategoriesPage-Dhzar2NV.js HTTP/1.1" 200 5268
[16/Aug/2026 16:51:20] "POST /api/equipment/categories/ HTTP/1.1" 201 121
[16/Aug/2026 16:51:21] "GET /api/notifications/unread_count/ HTTP/1.1" 200 11
[16/Aug/2026 16:51:21] "GET /api/equipment/categories/ HTTP/1.1" 200 729
[16/Aug/2026 16:51:21] "GET /api/notifications/?ordering=-created_at HTTP/1.1" 200 52
[16/Aug/2026 16:54:22] "GET /api/notifications/unread_count/ HTTP/1.1" 200 11
[16/Aug/2026 16:54:22] "GET /api/notifications/?ordering=-created_at HTTP/1.1" 200 52
[16/Aug/2026 16:54:24] "GET /assets/api-CrA4SB5k.js HTTP/1.1" 200 1753
[16/Aug/2026 16:54:24] "GET /favicon-32.png HTTP/1.1" 304 0
[16/Aug/2026 16:54:24] "GET /assets/MemberForm-Do2d8H0D.js HTTP/1.1" 200 12511
[16/Aug/2026 16:54:24] "GET /assets/LocationMapPicker-CJKPuocn.js HTTP/1.1" 200 4163
[16/Aug/2026 16:54:24] "GET /assets/constants-Dj2msVjS.js HTTP/1.1" 200 562
[16/Aug/2026 16:54:24] "GET /assets/Combobox-ngkpYwDl.js HTTP/1.1" 200 7477
[16/Aug/2026 16:54:24] "GET /api/factions/?page_size=200&ordering=name_ar HTTP/1.1" 200 1564
[16/Aug/2026 16:54:24] "GET /api/ranks/?page_size=200&ordering=order HTTP/1.1" 200 2094
[16/Aug/2026 16:54:24] "GET /api/settings/field-requirements/ HTTP/1.1" 200 3142
[16/Aug/2026 16:56:46] "GET /api/settings/field-requirements/ HTTP/1.1" 200 3142
[16/Aug/2026 16:56:46] "GET /api/factions/?page_size=200&ordering=name_ar HTTP/1.1" 200 1564
[16/Aug/2026 16:56:46] "GET /api/ranks/?page_size=200&ordering=order HTTP/1.1" 200 2094
[16/Aug/2026 16:56:46] "GET /api/notifications/unread_count/ HTTP/1.1" 200 11
[16/Aug/2026 16:56:46] "GET /api/notifications/?ordering=-created_at HTTP/1.1" 200 52
[16/Aug/2026 16:59:08] "GET /favicon-32.png HTTP/1.1" 304 0
[16/Aug/2026 16:59:08] "GET /api/equipment/categories/ HTTP/1.1" 200 729
[16/Aug/2026 16:59:08] "GET /api/equipment/items/? HTTP/1.1" 200 411
[16/Aug/2026 16:59:08] "GET /api/members/?page_size=200 HTTP/1.1" 200 4017
[16/Aug/2026 16:59:14] "GET /favicon-32.png HTTP/1.1" 304 0
[16/Aug/2026 16:59:15] "GET /favicon-32.png HTTP/1.1" 304 0
[16/Aug/2026 17:02:22] "GET /favicon-32.png HTTP/1.1" 304 0
[16/Aug/2026 17:02:22] "GET /api/equipment/items/? HTTP/1.1" 200 411
[16/Aug/2026 17:02:22] "GET /api/equipment/categories/ HTTP/1.1" 200 729
[16/Aug/2026 17:02:22] "GET /api/members/?page_size=200 HTTP/1.1" 200 4017
[16/Aug/2026 17:04:05] "GET /api/members/?page_size=1&approval_status=pending HTTP/1.1" 200 382
[16/Aug/2026 17:04:05] "GET /api/members/?page_size=1&service_status=active HTTP/1.1" 200 459
[16/Aug/2026 17:04:05] "GET /api/members/?page_size=1 HTTP/1.1" 200 438
[16/Aug/2026 17:04:05] "GET /api/members/?page_size=1&service_status=on_leave HTTP/1.1" 200 392
[16/Aug/2026 17:04:05] "GET /favicon-32.png HTTP/1.1" 304 0
[16/Aug/2026 17:04:05] "GET /api/factions/?page_size=200 HTTP/1.1" 200 1564
[16/Aug/2026 17:04:05] "GET /api/members/?page_size=5&ordering=-created_at HTTP/1.1" 200 1790
[16/Aug/2026 17:04:07] "GET /favicon-32.png HTTP/1.1" 304 0
[16/Aug/2026 17:04:07] "GET /assets/Checkbox-B7MD2jkX.js HTTP/1.1" 200 5005
[16/Aug/2026 17:04:07] "GET /assets/PrintDialog-BPlHECza.js HTTP/1.1" 200 6865
[16/Aug/2026 17:04:07] "GET /assets/MemberList-D2Lp115f.js HTTP/1.1" 200 20813
[16/Aug/2026 17:04:07] "GET /api/factions/?page_size=200&ordering=name_ar HTTP/1.1" 200 1564
[16/Aug/2026 17:04:07] "GET /api/ranks/?page_size=200&ordering=order HTTP/1.1" 200 2094
[16/Aug/2026 17:04:07] "GET /api/members/?page=1&page_size=10 HTTP/1.1" 200 3420
[16/Aug/2026 17:04:08] "GET /favicon-32.png HTTP/1.1" 304 0
[16/Aug/2026 17:04:08] "GET /assets/MemberDetail-CUV9UfDE.js HTTP/1.1" 200 55983
[16/Aug/2026 17:04:08] "GET /api/members/13/ HTTP/1.1" 200 916
[16/Aug/2026 17:04:08] "GET /api/reports/sections/ HTTP/1.1" 200 327
[16/Aug/2026 17:04:08] "GET /api/audit/history/?model=member&id=13 HTTP/1.1" 200 109
[16/Aug/2026 17:04:08] "GET /api/member-documents/?member=13&page_size=100 HTTP/1.1" 200 423
[16/Aug/2026 17:04:20] "GET /api/notifications/?ordering=-created_at HTTP/1.1" 200 52
[16/Aug/2026 17:04:20] "GET /api/notifications/unread_count/ HTTP/1.1" 200 11
[16/Aug/2026 17:05:45] "GET /api/member-pledges/?member=13&page_size=100 HTTP/1.1" 200 286
[16/Aug/2026 17:05:50] "GET /api/notifications/unread_count/ HTTP/1.1" 200 11
[16/Aug/2026 17:05:50] "GET /api/notifications/?ordering=-created_at HTTP/1.1" 200 52
[16/Aug/2026 17:06:27] "POST /api/member-pledges/ HTTP/1.1" 201 363
[16/Aug/2026 17:06:27] "GET /api/member-pledges/?member=13&page_size=100 HTTP/1.1" 200 650
[16/Aug/2026 17:06:35] "GET /api/notifications/unread_count/ HTTP/1.1" 200 11
[16/Aug/2026 17:06:35] "GET /api/notifications/?ordering=-created_at HTTP/1.1" 200 52
Forbidden: /api/member-pledges/2/download/
[16/Aug/2026 17:06:38] "GET /api/member-pledges/2/download/ HTTP/1.1" 403 63
Forbidden: /api/member-pledges/2/download/
[16/Aug/2026 17:06:41] "GET /api/member-pledges/2/download/ HTTP/1.1" 403 63
[16/Aug/2026 17:06:54] "GET /api/members/13/print/?sections=pledges HTTP/1.1" 200 54299
[16/Aug/2026 17:07:10] "GET /api/document-types/?page_size=200&ordering=print_order HTTP/1.1" 200 1793
[16/Aug/2026 17:07:10] "GET /api/member-documents/?member=13&page_size=100 HTTP/1.1" 200 423
[16/Aug/2026 17:07:11] "GET /api/member-notes/?member=13 HTTP/1.1" 200 52
[16/Aug/2026 17:07:12] "GET /api/member-pledges/?member=13&page_size=100 HTTP/1.1" 200 650
[16/Aug/2026 17:07:20] "GET /api/notifications/?ordering=-created_at HTTP/1.1" 200 52
[16/Aug/2026 17:07:20] "GET /api/notifications/unread_count/ HTTP/1.1" 200 11
[16/Aug/2026 17:07:26] "GET /favicon-32.png HTTP/1.1" 304 0
[16/Aug/2026 17:07:28] "GET /favicon-32.png HTTP/1.1" 304 0
[16/Aug/2026 17:07:28] "GET /api/factions/?page_size=200 HTTP/1.1" 200 1564
[16/Aug/2026 17:08:03] "PATCH /api/factions/2/ HTTP/1.1" 200 247
[16/Aug/2026 17:08:03] "GET /api/factions/?page_size=200 HTTP/1.1" 200 1564
[16/Aug/2026 17:08:05] "GET /api/notifications/?ordering=-created_at HTTP/1.1" 200 52
[16/Aug/2026 17:08:05] "GET /api/notifications/unread_count/ HTTP/1.1" 200 11
[16/Aug/2026 17:08:50] "GET /api/notifications/?ordering=-created_at HTTP/1.1" 200 52
[16/Aug/2026 17:08:50] "GET /api/notifications/unread_count/ HTTP/1.1" 200 11
[16/Aug/2026 17:09:14] "GET /favicon-32.png HTTP/1.1" 304 0
[16/Aug/2026 17:09:14] "GET /api/ranks/?page_size=200&ordering=order HTTP/1.1" 200 2094
[16/Aug/2026 17:09:35] "GET /api/notifications/unread_count/ HTTP/1.1" 200 11
[16/Aug/2026 17:09:35] "GET /api/notifications/?ordering=-created_at HTTP/1.1" 200 52
[16/Aug/2026 17:10:20] "GET /api/notifications/?ordering=-created_at HTTP/1.1" 200 52
[16/Aug/2026 17:10:20] "GET /api/notifications/unread_count/ HTTP/1.1" 200 11
[16/Aug/2026 17:11:05] "GET /api/notifications/?ordering=-created_at HTTP/1.1" 200 52
[16/Aug/2026 17:11:05] "GET /api/notifications/unread_count/ HTTP/1.1" 200 11
[16/Aug/2026 17:11:51] "GET /api/notifications/unread_count/ HTTP/1.1" 200 11
[16/Aug/2026 17:11:51] "GET /api/notifications/?ordering=-created_at HTTP/1.1" 200 52
[16/Aug/2026 17:12:36] "GET /api/notifications/?ordering=-created_at HTTP/1.1" 200 52
[16/Aug/2026 17:12:36] "GET /api/notifications/unread_count/ HTTP/1.1" 200 11
[16/Aug/2026 17:13:01] "GET /favicon-32.png HTTP/1.1" 304 0
[16/Aug/2026 17:13:01] "GET /api/backups/ HTTP/1.1" 200 185
[16/Aug/2026 17:24:36] "GET /api/notifications/?ordering=-created_at HTTP/1.1" 200 52
[16/Aug/2026 17:24:36] "GET /api/notifications/unread_count/ HTTP/1.1" 200 11
[16/Aug/2026 17:25:21] "GET /api/notifications/unread_count/ HTTP/1.1" 200 11
[16/Aug/2026 17:25:21] "GET /api/notifications/?ordering=-created_at HTTP/1.1" 200 52
[16/Aug/2026 17:25:27] "POST /api/backups/run/ HTTP/1.1" 200 51
[16/Aug/2026 17:25:27] "GET /api/backups/ HTTP/1.1" 200 370
[16/Aug/2026 17:25:54] "POST /api/backups/2/restore/ HTTP/1.1" 200 252
[16/Aug/2026 17:25:54] "GET /api/notifications/unread_count/ HTTP/1.1" 200 11
[16/Aug/2026 17:25:54] "GET /api/notifications/?ordering=-created_at HTTP/1.1" 200 52
[16/Aug/2026 17:25:54] "GET /api/backups/ HTTP/1.1" 200 370
[16/Aug/2026 17:28:14] "GET /api/notifications/?ordering=-created_at HTTP/1.1" 200 52
[16/Aug/2026 17:28:14] "GET /api/notifications/unread_count/ HTTP/1.1" 200 11
[16/Aug/2026 17:28:14] "GET /api/backups/ HTTP/1.1" 200 370
Unauthorized: /api/notifications/unread_count/
Unauthorized: /api/notifications/
[16/Aug/2026 17:36:31] "GET /api/notifications/unread_count/ HTTP/1.1" 401 172
[16/Aug/2026 17:36:31] "GET /api/notifications/?ordering=-created_at HTTP/1.1" 401 172
[16/Aug/2026 17:36:31] "POST /api/auth/token/refresh/ HTTP/1.1" 200 489
[16/Aug/2026 17:36:31] "GET /api/notifications/?ordering=-created_at HTTP/1.1" 200 52
[16/Aug/2026 17:36:31] "GET /api/notifications/unread_count/ HTTP/1.1" 200 11
[16/Aug/2026 17:37:19] "GET /api/notifications/?ordering=-created_at HTTP/1.1" 200 52
[16/Aug/2026 17:37:19] "GET /api/notifications/unread_count/ HTTP/1.1" 200 11
[16/Aug/2026 17:38:04] "GET /api/notifications/unread_count/ HTTP/1.1" 200 11
[16/Aug/2026 17:38:04] "GET /api/notifications/?ordering=-created_at HTTP/1.1" 200 52
[16/Aug/2026 17:38:49] "GET /api/notifications/?ordering=-created_at HTTP/1.1" 200 52
[16/Aug/2026 17:38:49] "GET /api/notifications/unread_count/ HTTP/1.1" 200 11
[16/Aug/2026 17:39:34] "GET /api/notifications/?ordering=-created_at HTTP/1.1" 200 52
[16/Aug/2026 17:39:34] "GET /api/notifications/unread_count/ HTTP/1.1" 200 11
[16/Aug/2026 18:10:22] "GET /api/notifications/unread_count/ HTTP/1.1" 200 11
[16/Aug/2026 18:10:22] "GET /api/notifications/?ordering=-created_at HTTP/1.1" 200 52
[16/Aug/2026 18:10:22] "GET /api/backups/ HTTP/1.1" 200 370
